The password for the next level is stored in the file data.txt, which contains base64 encoded dataIn order to improve my Linux skills I decided to tackle OverTheWire Bandit. There are 27 levels.

Level 0 to 1

The goal of this level is for you to log into the game using SSH. The host to which you need to connect is bandit.labs.overthewire.org. The username is bandit0 and the password is bandit0. Once logged in, go to the Level 1 page to find out how to beat Level 1.

The password for the next level is stored in a file called readme located in the home directory. Use this password to log into bandit1 using SSH. Whenever you find a password for a level, use SSH to log into that level and continue the game.

To get the password you simply had to cat the readme file.

bandit0@melinda:~$ ls
readme
bandit0@melinda:~$ cat readme
boJ9jbbUNNfktd78OOpsqOltutMc3MY1
------------------------------------------------------------------------------------------------------------------------------
Level 1 to 2

The password for the next level is stored in a file called - located in the home directory.
Commands you may need to solve this level: ls, cd, cat, file, du, find

There are different ways of accomplishing the same task in Bash:

bandit1@melinda:~$ cat `find . -name '-' -print`
CV1DtqXWVFXTvM2F0k09SHz0YwRINYA9
bandit1@melinda:~$ find . -name '-' -exec cat {} +
CV1DtqXWVFXTvM2F0k09SHz0YwRINYA9
bandit1@melinda:~$ find . -name '-' | xargs cat
CV1DtqXWVFXTvM2F0k09SHz0YwRINYA9
bandit1@melinda:~$ cat $(find . -name '-')
CV1DtqXWVFXTvM2F0k09SHz0YwRINYA9
bandit1@melinda:~$
------------------------------------------------------------------------------------------------------------------------------
Level 2 to 3

The password for the next level is stored in a file called spaces in this filename located in the home directory.
Commands you may need to solve this level: ls, cd, cat, file, du, find

bandit2@melinda:~$ cat spaces\ in\ this\ filename
UmHadQclWmgdLOKQ3YNgjWxGoRMb5luK
------------------------------------------------------------------------------------------------------------------------------
Level 3 to 4

The password for the next level is stored in a hidden file in the inhere directory.

The '-a' option to the 'ls' command shows hidden files. Files are hidden when the name is preceded by a period.

bandit3@melinda:~$ ls -al inhere
total 12
drwxr-xr-x 2 root root 4096 Nov 14 2014 .
drwxr-xr-x 3 root root 4096 Nov 14 2014 ..
-rw-r----- 1 bandit4 bandit3 33 Nov 14 2014 .hidden
bandit3@melinda:~$ cat inhere/.hidden
pIwrPrtPN36QITSp3EQaw936yaFoFgAB
------------------------------------------------------------------------------------------------------------------------------
Level 4 to 5

The password for the next level is stored in the only human-readable file in the inhere directory. Tip: if your terminal is messed up, try the “reset” command.

bandit4@melinda:~/inhere$ file ./* | grep text
./-file07: ASCII text
bandit4@melinda:~/inhere$ cat ./-file07
koReBOKuIDDepwhWk7jZC0RTdopnAYKh
------------------------------------------------------------------------------------------------------------------------------
Level 5 to 6

The password for the next level is stored in a file somewhere under the inhere directory and has all of the following properties: - human-readable - 1033 bytes in size - not executable.

bandit5@melinda:~$ cd inhere/
bandit5@melinda:~/inhere$ find . -type f -size 1033c ! -executable | xargs file | grep text | cut -d ":" -f 1 | xargs -I % sh -c "echo % ; cat %"
./maybehere07/.file2
DXjZPULLxYr17uwoI01bNLQbtFemEgo7
------------------------------------------------------------------------------------------------------------------------------
Level 6 to 7

The password for the next level is stored somewhere on the server and has all of the following properties: - owned by user bandit7 - owned by group bandit6 - 33 bytes in size.

bandit6@melinda:~$ find / -user bandit7 -group bandit6 -size 33c 2>/dev/null | xargs -I % sh -c "echo % ; cat %"
/var/lib/dpkg/info/bandit7.password
HKBPTKQnIay4Fw76bEy8PVxKEDQRKTzs
------------------------------------------------------------------------------------------------------------------------------
Level 7 to 8

The password for the next level is stored in the file data.txt next to the word millionth.

bandit7@melinda:~$ cat data.txt | grep millionth
millionth cvX2JJa4CFALtqS87jk27qwqGhBM9plV
------------------------------------------------------------------------------------------------------------------------------
Level 8 to 9

The password for the next level is stored in the file data.txt and is the only line of text that occurs only once.

bandit8@melinda:~$ sort data.txt | uniq --count | grep "1 "
1 UsvVyFSfZZWbi6wgC7dAFyFuR6jQQUhR
------------------------------------------------------------------------------------------------------------------------------
Level 9 to 10

The password for the next level is stored in the file data.txt in one of the few human-readable strings, beginning with several ‘=’ characters.

bandit9@melinda:~$ strings data.txt | grep "^=\+"
========== password
========== ism
========== truKLdjsbJ5g7yyJ2X2R0o3a5HQJFuLk
------------------------------------------------------------------------------------------------------------------------------
Level 10 to 11

The password for the next level is stored in the file data.txt, which contains base64 encoded data.

bandit10@melinda:~$ cat data.txt | base64 -d
The password is IFukwKGsFW8MOq3IRFqrxE1hxTNEbUPR
------------------------------------------------------------------------------------------------------------------------------
Level 11 to 12

The password for the next level is stored in the file data.txt, where all lowercase (a-z) and uppercase (A-Z) letters have been rotated by 13 positions.

bandit11@melinda:~$ cat data.txt | tr 'A-Za-z' 'N-ZA-Mn-za-m'
The password is 5Te8Y4drgCRfCx8ugdwuEX8KFC6k2EUu
bandit11@melinda:~$
bandit11@melinda:~$ cat data.txt | python -c 'import sys; print sys.stdin.read().decode("rot13")'
The password is 5Te8Y4drgCRfCx8ugdwuEX8KFC6k2EUu
------------------------------------------------------------------------------------------------------------------------------
Level 12 to 13

The password for the next level is stored in the file data.txt, which is a hexdump of a file that has been repeatedly compressed. For this level it may be useful to create a directory under /tmp in which you can work using mkdir. For example: mkdir /tmp/myname123. Then copy the datafile using cp, and rename it using mv (read the manpages!).

bandit12@melinda:~$ ls
data.txt
bandit12@melinda:~$ mkdir /tmp/123    
bandit12@melinda:~$ cp data.txt /tmp/123
bandit12@melinda:~$ cd /tmp/123
bandit12@melinda:/tmp/123$ ls
data.txt
bandit12@melinda:/tmp/123$ xxd -r data.txt > file
bandit12@melinda:/tmp/123$ file file
file: gzip compressed data, was "data2.bin", from Unix, last modified: Fri Nov 14 10:32:20 2014, max compression
bandit12@melinda:/tmp/123$ mv file file.gz
bandit12@melinda:/tmp/123$ gzip -d file.gz 
bandit12@melinda:/tmp/123$ ls
data.txt  file
bandit12@melinda:/tmp/123$ file file
file: bzip2 compressed data, block size = 900k
bandit12@melinda:/tmp/123$ mv file file.bz2
bandit12@melinda:/tmp/123$ bzip2 -d file.bz2 
bandit12@melinda:/tmp/123$ ls
data.txt  file
bandit12@melinda:/tmp/123$ file file
file: gzip compressed data, was "data4.bin", from Unix, last modified: Fri Nov 14 10:32:20 2014, max compression
bandit12@melinda:/tmp/123$ mv file file.gz
bandit12@melinda:/tmp/123$ ls
data.txt  file.gz
bandit12@melinda:/tmp/123$ gzip -d file.gz 
bandit12@melinda:/tmp/123$ file file
file: POSIX tar archive (GNU)
bandit12@melinda:/tmp/123$ tar -xvf file
data5.bin
bandit12@melinda:/tmp/123$ file data5.bin 
data5.bin: POSIX tar archive (GNU)
bandit12@melinda:/tmp/123$ tar -xvf data5.bin
data6.bin
bandit12@melinda:/tmp/123$ file data6.bin
data6.bin: bzip2 compressed data, block size = 900k
bandit12@melinda:/tmp/123$ mv data6.bin data6.bz2
bandit12@melinda:/tmp/123$ ls
data.txt  data5.bin  data6.bz2  file
bandit12@melinda:/tmp/123$ bzip2 -d data6.bz2
bandit12@melinda:/tmp/123$ ls
data.txt  data5.bin  data6  file
bandit12@melinda:/tmp/123$ ls -l
total 48
-rw-r----- 1 bandit12 bandit12  2546 Sep 21 09:40 data.txt
-rw-r--r-- 1 bandit12 bandit12 10240 Nov 14  2014 data5.bin
-rw-r--r-- 1 bandit12 bandit12 10240 Nov 14  2014 data6
-rw-rw-r-- 1 bandit12 bandit12 20480 Sep 21 09:43 file
bandit12@melinda:/tmp/123$ file file
file: POSIX tar archive (GNU)
bandit12@melinda:/tmp/123$ tar -xvf file
data5.bin
bandit12@melinda:/tmp/123$ file data5.bin
data5.bin: POSIX tar archive (GNU)
bandit12@melinda:/tmp/123$ tar -xvf data5.bin
data6.bin
bandit12@melinda:/tmp/123$ file data6.bin
data6.bin: bzip2 compressed data, block size = 900k
bandit12@melinda:/tmp/123$ bzip -d data6.bin
-bash: bzip: command not found
bandit12@melinda:/tmp/123$ bzip2 -d data6.bin
bzip2: Can't guess original name for data6.bin -- using data6.bin.out
bandit12@melinda:/tmp/123$ file data6.bin.out
data6.bin.out: POSIX tar archive (GNU)
bandit12@melinda:/tmp/123$ tar -xvf data6.bin.out
data8.bin
bandit12@melinda:/tmp/123$ file data8.bin
data8.bin: gzip compressed data, was "data9.bin", from Unix, last modified: Fri Nov 14 10:32:20 2014, max compression
bandit12@melinda:/tmp/123$ mv data8.bin data8.gz
bandit12@melinda:/tmp/123$ gzip -d data8.bin
gzip: data8.bin.gz: No such file or directory
bandit12@melinda:/tmp/123$ ls
data.txt  data5.bin  data6  data6.bin.out  data8.gz  file
bandit12@melinda:/tmp/123$ gzip -d data8.gz 
bandit12@melinda:/tmp/123$ ls
data.txt  data5.bin  data6  data6.bin.out  data8  file
bandit12@melinda:/tmp/123$ ls -l
total 64
-rw-r----- 1 bandit12 bandit12  2546 Sep 21 09:40 data.txt
-rw-r--r-- 1 bandit12 bandit12 10240 Nov 14  2014 data5.bin
-rw-r--r-- 1 bandit12 bandit12 10240 Nov 14  2014 data6
-rw-r--r-- 1 bandit12 bandit12 10240 Nov 14  2014 data6.bin.out
-rw-r--r-- 1 bandit12 bandit12    49 Nov 14  2014 data8
-rw-rw-r-- 1 bandit12 bandit12 20480 Sep 21 09:43 file
bandit12@melinda:/tmp/123$ file data8
data8: ASCII text
bandit12@melinda:/tmp/123$ cat data8
The password is 8ZjyCRiBWFYkneahHwxCv3wb2a1ORpYL
------------------------------------------------------------------------------------------------------------------------------
Level 13 to 14

The password for the next level is stored in /etc/bandit_pass/bandit14 and can only be read by user bandit14. For this level, you don’t get the next password, but you get a private SSH key that can be used to log into the next level. Note: localhost is a hostname that refers to the machine you are working on

bandit13@melinda:~$ ls
sshkey.private
bandit13@melinda:~$ ls -l /etc/bandit_pass/bandit14
-r-------- 1 bandit14 bandit14 33 Nov 14  2014 /etc/bandit_pass/bandit14
bandit13@melinda:~$ 
bandit13@melinda:~$ ssh -i ./sshkey.private bandit14@localhost

bandit14@melinda:~$ cat /etc/bandit_pass/bandit14
4wcYUJFw0k0XLShlDzztnTBHiqxU3b3e
------------------------------------------------------------------------------------------------------------------------------
Level 14 to 15

The password for the next level can be retrieved by submitting the password of the current level to port 30000 on localhost.

bandit14@melinda:~$ echo 4wcYUJFw0k0XLShlDzztnTBHiqxU3b3e | nc localhost 30000
Correct!
BfMYroe26WYalil77FoDi9qh59eK5xNr
------------------------------------------------------------------------------------------------------------------------------
Level 15 to 16


